Using pre-set license
Built from '2021.3/staging' branch; Version is '2021.3.10f1 (1c7d0df0160b) revision 1867021'; Using compiler version '192829333'; Build Type 'Release'
OS: 'Windows 11  (10.0.22000) 64bit CoreSingleLanguage' Language: 'tr' Physical Memory: 8049 MB
BatchMode: 1, IsHumanControllingUs: 0, StartBugReporterOnCrash: 0, Is64bit: 1, IsPro: 1

COMMAND LINE ARGUMENTS:
C:\Program Files\Unity\Hub\Editor\2021.3.10f1\Editor\Unity.exe
-adb2
-batchMode
-noUpm
-name
AssetImportWorker0
-projectPath
C:/Users/MONSTER/Documents/GitHub/War-Field/War Field
-logFile
Logs/AssetImportWorker0.log
-srvPort
64806
Successfully changed project path to: C:/Users/MONSTER/Documents/GitHub/War-Field/War Field
C:/Users/MONSTER/Documents/GitHub/War-Field/War Field
[UnityMemory] Configuration Parameters - Can be set up in boot.config
    "memorysetup-bucket-allocator-granularity=16"
    "memorysetup-bucket-allocator-bucket-count=8"
    "memorysetup-bucket-allocator-block-size=33554432"
    "memorysetup-bucket-allocator-block-count=8"
    "memorysetup-main-allocator-block-size=16777216"
    "memorysetup-thread-allocator-block-size=16777216"
    "memorysetup-gfx-main-allocator-block-size=16777216"
    "memorysetup-gfx-thread-allocator-block-size=16777216"
    "memorysetup-cache-allocator-block-size=4194304"
    "memorysetup-typetree-allocator-block-size=2097152"
    "memorysetup-profiler-bucket-allocator-granularity=16"
    "memorysetup-profiler-bucket-allocator-bucket-count=8"
    "memorysetup-profiler-bucket-allocator-block-size=33554432"
    "memorysetup-profiler-bucket-allocator-block-count=8"
    "memorysetup-profiler-allocator-block-size=16777216"
    "memorysetup-profiler-editor-allocator-block-size=1048576"
    "memorysetup-temp-allocator-size-main=16777216"
    "memorysetup-job-temp-allocator-block-size=2097152"
    "memorysetup-job-temp-allocator-block-size-background=1048576"
    "memorysetup-job-temp-allocator-reduction-small-platforms=262144"
    "memorysetup-temp-allocator-size-background-worker=32768"
    "memorysetup-temp-allocator-size-job-worker=262144"
    "memorysetup-temp-allocator-size-preload-manager=33554432"
    "memorysetup-temp-allocator-size-nav-mesh-worker=65536"
    "memorysetup-temp-allocator-size-audio-worker=65536"
    "memorysetup-temp-allocator-size-cloud-worker=32768"
    "memorysetup-temp-allocator-size-gi-baking-worker=262144"
    "memorysetup-temp-allocator-size-gfx=262144"
Refreshing native plugins compatible for Editor in 97.43 ms, found 3 plugins.
Preloading 0 native plugins for Editor in 0.00 ms.
Initialize engine version: 2021.3.10f1 (1c7d0df0160b)
[Subsystems] Discovering subsystems at path C:/Program Files/Unity/Hub/Editor/2021.3.10f1/Editor/Data/Resources/UnitySubsystems
[Subsystems] Discovering subsystems at path C:/Users/MONSTER/Documents/GitHub/War-Field/War Field/Assets
GfxDevice: creating device client; threaded=0; jobified=0
Direct3D:
    Version:  Direct3D 11.0 [level 11.1]
    Renderer: NVIDIA GeForce GTX 1650 (ID=0x1f91)
    Vendor:   NVIDIA
    VRAM:     3962 MB
    Driver:   30.0.15.1289
Initialize mono
Mono path[0] = 'C:/Program Files/Unity/Hub/Editor/2021.3.10f1/Editor/Data/Managed'
Mono path[1] = 'C:/Program Files/Unity/Hub/Editor/2021.3.10f1/Editor/Data/MonoBleedingEdge/lib/mono/unityjit-win32'
Mono config path = 'C:/Program Files/Unity/Hub/Editor/2021.3.10f1/Editor/Data/MonoBleedingEdge/etc'
Using monoOptions --debugger-agent=transport=dt_socket,embedding=1,server=y,suspend=n,address=127.0.0.1:56016
Begin MonoManager ReloadAssembly
Registering precompiled unity dll's ...
Register platform support module: C:/Program Files/Unity/Hub/Editor/2021.3.10f1/Editor/Data/PlaybackEngines/WebGLSupport/UnityEditor.WebGL.Extensions.dll
Register platform support module: C:/Program Files/Unity/Hub/Editor/2021.3.10f1/Editor/Data/PlaybackEngines/MacStandaloneSupport/UnityEditor.OSXStandalone.Extensions.dll
Register platform support module: C:/Program Files/Unity/Hub/Editor/2021.3.10f1/Editor/Data/PlaybackEngines/AndroidPlayer/UnityEditor.Android.Extensions.dll
Register platform support module: C:/Program Files/Unity/Hub/Editor/2021.3.10f1/Editor/Data/PlaybackEngines/iOSSupport/UnityEditor.iOS.Extensions.dll
Register platform support module: C:/Program Files/Unity/Hub/Editor/2021.3.10f1/Editor/Data/PlaybackEngines/WindowsStandaloneSupport/UnityEditor.WindowsStandalone.Extensions.dll
Register platform support module: C:/Program Files/Unity/Hub/Editor/2021.3.10f1/Editor/Data/PlaybackEngines/LinuxStandaloneSupport/UnityEditor.LinuxStandalone.Extensions.dll
Registered in 0.012576 seconds.
Native extension for LinuxStandalone target not found
Native extension for WindowsStandalone target not found
[usbmuxd] Start listen thread
[usbmuxd] Listen thread started
Native extension for iOS target not found
Native extension for Android target not found
Native extension for OSXStandalone target not found
Native extension for WebGL target not found
Refreshing native plugins compatible for Editor in 94.07 ms, found 3 plugins.
Preloading 0 native plugins for Editor in 0.00 ms.
Mono: successfully reloaded assembly
- Completed reload, in  1.015 seconds
Domain Reload Profiling:
	ReloadAssembly (1016ms)
		BeginReloadAssembly (116ms)
			ExecutionOrderSort (0ms)
			DisableScriptedObjects (0ms)
			BackupInstance (0ms)
			ReleaseScriptingObjects (0ms)
			CreateAndSetChildDomain (1ms)
		EndReloadAssembly (780ms)
			LoadAssemblies (118ms)
			RebuildTransferFunctionScriptingTraits (0ms)
			SetupTypeCache (360ms)
			ReleaseScriptCaches (0ms)
			RebuildScriptCaches (30ms)
			SetupLoadedEditorAssemblies (336ms)
				LogAssemblyErrors (0ms)
				InitializePlatformSupportModulesInManaged (77ms)
				SetLoadedEditorAssemblies (0ms)
				RefreshPlugins (94ms)
				BeforeProcessingInitializeOnLoad (1ms)
				ProcessInitializeOnLoadAttributes (114ms)
				ProcessInitializeOnLoadMethodAttributes (49ms)
				AfterProcessingInitializeOnLoad (0ms)
				EditorAssembliesLoaded (0ms)
			ExecutionOrderSort2 (0ms)
			AwakeInstancesAfterBackupRestoration (0ms)
Platform modules already initialized, skipping
Registering precompiled user dll's ...
Registered in 0.006352 seconds.
Begin MonoManager ReloadAssembly
Symbol file LoadedFromMemory doesn't match image C:\Users\MONSTER\Documents\GitHub\War-Field\War Field\Library\PackageCache\com.unity.visualscripting@1.7.8\Editor\VisualScripting.Core\Dependencies\YamlDotNet\Unity.VisualScripting.YamlDotNet.dll
Symbol file LoadedFromMemory doesn't match image C:\Users\MONSTER\Documents\GitHub\War-Field\War Field\Library\PackageCache\com.unity.visualscripting@1.7.8\Editor\VisualScripting.Core\Dependencies\DotNetZip\Unity.VisualScripting.IonicZip.dll
Native extension for LinuxStandalone target not found
Native extension for WindowsStandalone target not found
Native extension for iOS target not found
Native extension for Android target not found
Native extension for OSXStandalone target not found
Native extension for WebGL target not found
Refreshing native plugins compatible for Editor in 0.70 ms, found 3 plugins.
Preloading 0 native plugins for Editor in 0.00 ms.
Mono: successfully reloaded assembly
- Completed reload, in  1.449 seconds
Domain Reload Profiling:
	ReloadAssembly (1450ms)
		BeginReloadAssembly (244ms)
			ExecutionOrderSort (0ms)
			DisableScriptedObjects (9ms)
			BackupInstance (0ms)
			ReleaseScriptingObjects (0ms)
			CreateAndSetChildDomain (129ms)
		EndReloadAssembly (1080ms)
			LoadAssemblies (148ms)
			RebuildTransferFunctionScriptingTraits (0ms)
			SetupTypeCache (297ms)
			ReleaseScriptCaches (1ms)
			RebuildScriptCaches (86ms)
			SetupLoadedEditorAssemblies (471ms)
				LogAssemblyErrors (0ms)
				InitializePlatformSupportModulesInManaged (31ms)
				SetLoadedEditorAssemblies (1ms)
				RefreshPlugins (1ms)
				BeforeProcessingInitializeOnLoad (103ms)
				ProcessInitializeOnLoadAttributes (291ms)
				ProcessInitializeOnLoadMethodAttributes (35ms)
				AfterProcessingInitializeOnLoad (9ms)
				EditorAssembliesLoaded (0ms)
			ExecutionOrderSort2 (0ms)
			AwakeInstancesAfterBackupRestoration (8ms)
Platform modules already initialized, skipping
========================================================================
Worker process is ready to serve import requests
Launched and connected shader compiler UnityShaderCompiler.exe after 0.05 seconds
Refreshing native plugins compatible for Editor in 0.71 ms, found 3 plugins.
Preloading 0 native plugins for Editor in 0.00 ms.
Unloading 3510 Unused Serialized files (Serialized files now loaded: 0)
Unloading 29 unused Assets / (493.7 KB). Loaded Objects now: 3973.
Memory consumption went from 130.1 MB to 129.6 MB.
Total: 3.883100 ms (FindLiveObjects: 0.325400 ms CreateObjectMapping: 0.227400 ms MarkObjects: 3.060500 ms  DeleteObjects: 0.268900 ms)

AssetImportParameters requested are different than current active one (requested -> active):
  custom:video-decoder-ogg-theora: a1e56fd34408186e4bbccfd4996cb3dc -> 
  custom:container-muxer-webm: aa71ff27fc2769a1b78a27578f13a17b -> 
  custom:container-demuxer-webm: 4f35f7cbe854078d1ac9338744f61a02 -> 
  custom:video-encoder-webm-vp8: eb34c28f22e8b96e1ab97ce403110664 -> 
  custom:audio-encoder-webm-vorbis: bf7c407c2cedff20999df2af8eb42d56 -> 
  custom:framework-win-MediaFoundation: 216162199b28c13a410421893ffa2e32 -> 
  custom:container-demuxer-ogg: 62fdf1f143b41e24485cea50d1cbac27 -> 
  custom:video-decoder-webm-vp8: 9c59270c3fd7afecdb556c50c9e8de78 -> 
  custom:audio-decoder-ogg-vorbis: bf7c407c2cedff20999df2af8eb42d56 -> 
========================================================================
Received Import Request.
  Time since last request: 514013.881970 seconds.
  path: Assets/Script
  artifactKey: Guid(1187a08c96e283342b3c7ef735225625) Importer(815301076,1909f56bfc062723c751e8b465ee728b)
Start importing Assets/Script using Guid(1187a08c96e283342b3c7ef735225625) Importer(815301076,1909f56bfc062723c751e8b465ee728b)  -> (artifact id: '175b5ee047b1b35d8022b3ee72dc53d7') in 0.009745 seconds 
========================================================================
Received Import Request.
  Time since last request: 6.357683 seconds.
  path: Assets/Images
  artifactKey: Guid(5a8a1f55716191e44b334aa2677122f8) Importer(815301076,1909f56bfc062723c751e8b465ee728b)
Start importing Assets/Images using Guid(5a8a1f55716191e44b334aa2677122f8) Importer(815301076,1909f56bfc062723c751e8b465ee728b)  -> (artifact id: 'ac67a8895039905a040d2374222b60cb') in 0.008590 seconds 
========================================================================
Received Import Request.
  Time since last request: 122.304130 seconds.
  path: Assets/3rd Party Assets/FPS/FPS-AK47.fbx
  artifactKey: Guid(d7e93aca4be6fd040ac3037ca5304922) Importer(815301076,1909f56bfc062723c751e8b465ee728b)
Start importing Assets/3rd Party Assets/FPS/FPS-AK47.fbx using Guid(d7e93aca4be6fd040ac3037ca5304922) Importer(815301076,1909f56bfc062723c751e8b465ee728b)  -> (artifact id: '82cd7643331e5c4c8a4043080994be8e') in 0.548235 seconds 
========================================================================
Received Import Request.
  Time since last request: 166.703184 seconds.
  path: Assets/Houses_Pack/Materials/House_1.mat
  artifactKey: Guid(ad9941c6ea64c2d439db45a3b24cc172) Importer(815301076,1909f56bfc062723c751e8b465ee728b)
Start importing Assets/Houses_Pack/Materials/House_1.mat using Guid(ad9941c6ea64c2d439db45a3b24cc172) Importer(815301076,1909f56bfc062723c751e8b465ee728b)  -> (artifact id: '5acc72bece321bcbcacac66fcefcea1a') in 0.214313 seconds 
========================================================================
Received Import Request.
  Time since last request: 0.000028 seconds.
  path: Assets/Houses_Pack/Materials/House_4.mat
  artifactKey: Guid(74328f13b153e694ca81ef6ec6f0c9fe) Importer(815301076,1909f56bfc062723c751e8b465ee728b)
Start importing Assets/Houses_Pack/Materials/House_4.mat using Guid(74328f13b153e694ca81ef6ec6f0c9fe) Importer(815301076,1909f56bfc062723c751e8b465ee728b)  -> (artifact id: 'b975b5cb9542e185e73ca79ecc0943cb') in 0.066119 seconds 
========================================================================
Received Import Request.
  Time since last request: 0.000030 seconds.
  path: Assets/Houses_Pack/Materials/House_3.mat
  artifactKey: Guid(c6458bb073911f9459c5a7597de907bd) Importer(815301076,1909f56bfc062723c751e8b465ee728b)
Start importing Assets/Houses_Pack/Materials/House_3.mat using Guid(c6458bb073911f9459c5a7597de907bd) Importer(815301076,1909f56bfc062723c751e8b465ee728b)  -> (artifact id: 'efd10ac46b0501bc90e01dfb5350aa2e') in 0.061107 seconds 
========================================================================
Received Import Request.
  Time since last request: 1.162232 seconds.
  path: Assets/Houses_Pack/Models/House_1.FBX
  artifactKey: Guid(28d592096e7e76148945c98658a6c011) Importer(815301076,1909f56bfc062723c751e8b465ee728b)
Start importing Assets/Houses_Pack/Models/House_1.FBX using Guid(28d592096e7e76148945c98658a6c011) Importer(815301076,1909f56bfc062723c751e8b465ee728b)  -> (artifact id: 'ea7e114989b58cc1134f1ff1f529b16d') in 0.070883 seconds 
========================================================================
Received Import Request.
  Time since last request: 0.000016 seconds.
  path: Assets/Houses_Pack/Models/House_3.FBX
  artifactKey: Guid(1875dbcb933847e438464aa6d4c6dc32) Importer(815301076,1909f56bfc062723c751e8b465ee728b)
Start importing Assets/Houses_Pack/Models/House_3.FBX using Guid(1875dbcb933847e438464aa6d4c6dc32) Importer(815301076,1909f56bfc062723c751e8b465ee728b)  -> (artifact id: '0e4749784cacb8b6c8eba9d916b99caf') in 0.062766 seconds 
========================================================================
Received Import Request.
  Time since last request: 0.000023 seconds.
  path: Assets/Houses_Pack/Models/House_4.FBX
  artifactKey: Guid(42350cecc2959a246a2afc7215b375c5) Importer(815301076,1909f56bfc062723c751e8b465ee728b)
Start importing Assets/Houses_Pack/Models/House_4.FBX using Guid(42350cecc2959a246a2afc7215b375c5) Importer(815301076,1909f56bfc062723c751e8b465ee728b)  -> (artifact id: 'e6b0fccdd6a1e354cdbca82999b57cdb') in 0.053065 seconds 
========================================================================
Received Import Request.
  Time since last request: 337.628896 seconds.
  path: Assets/LowpolyStreetPack/Prefabs/Roads/Streets/Road_BusStop.prefab
  artifactKey: Guid(83ed90dae17b7494b8dc65ff572d8897) Importer(815301076,1909f56bfc062723c751e8b465ee728b)
Start importing Assets/LowpolyStreetPack/Prefabs/Roads/Streets/Road_BusStop.prefab using Guid(83ed90dae17b7494b8dc65ff572d8897) Importer(815301076,1909f56bfc062723c751e8b465ee728b)  -> (artifact id: '32e203248b6ce39f0a91b7b980c02325') in 0.068572 seconds 
========================================================================
Received Import Request.
  Time since last request: 0.000021 seconds.
  path: Assets/LowpolyStreetPack/Prefabs/Roads/Streets/Road_Cross_A_A.prefab
  artifactKey: Guid(d68dda66c3bb1bf4aadddbdb7f9d723f) Importer(815301076,1909f56bfc062723c751e8b465ee728b)
Start importing Assets/LowpolyStreetPack/Prefabs/Roads/Streets/Road_Cross_A_A.prefab using Guid(d68dda66c3bb1bf4aadddbdb7f9d723f) Importer(815301076,1909f56bfc062723c751e8b465ee728b)  -> (artifact id: '4fa722541c3ac61aa1f470e03cdc7083') in 0.047939 seconds 
========================================================================
Received Import Request.
  Time since last request: 0.000056 seconds.
  path: Assets/LowpolyStreetPack/Prefabs/Roads/Streets/Road_Cross_A_B.prefab
  artifactKey: Guid(6abaadc8b9590114b85efdcd4aceae2a) Importer(815301076,1909f56bfc062723c751e8b465ee728b)
Start importing Assets/LowpolyStreetPack/Prefabs/Roads/Streets/Road_Cross_A_B.prefab using Guid(6abaadc8b9590114b85efdcd4aceae2a) Importer(815301076,1909f56bfc062723c751e8b465ee728b)  -> (artifact id: '38fff1a66e07e2df694b64391ccf209f') in 0.051750 seconds 
========================================================================
Received Import Request.
  Time since last request: 0.856149 seconds.
  path: Assets/LowpolyStreetPack/Prefabs/Roads/Streets/Road_Cross_Double_B_B.prefab
  artifactKey: Guid(e544891603a68eb41a8c40ea47764ab5) Importer(815301076,1909f56bfc062723c751e8b465ee728b)
Start importing Assets/LowpolyStreetPack/Prefabs/Roads/Streets/Road_Cross_Double_B_B.prefab using Guid(e544891603a68eb41a8c40ea47764ab5) Importer(815301076,1909f56bfc062723c751e8b465ee728b)  -> (artifact id: '27fe6ebcaa1b260f730c606ee3d7d44e') in 0.032378 seconds 
========================================================================
Received Import Request.
  Time since last request: 0.628089 seconds.
  path: Assets/LowpolyStreetPack/Prefabs/Roads/Streets/Road_Crosswalk.prefab
  artifactKey: Guid(38879fb80d2211342b5c6e8ca726f2f5) Importer(815301076,1909f56bfc062723c751e8b465ee728b)
Start importing Assets/LowpolyStreetPack/Prefabs/Roads/Streets/Road_Crosswalk.prefab using Guid(38879fb80d2211342b5c6e8ca726f2f5) Importer(815301076,1909f56bfc062723c751e8b465ee728b)  -> (artifact id: '8cb9c9daae80889cc7b0ca4d41706314') in 0.026367 seconds 
========================================================================
Received Import Request.
  Time since last request: 0.646826 seconds.
  path: Assets/LowpolyStreetPack/Prefabs/Roads/Streets/Road_Crosswalk_Double.prefab
  artifactKey: Guid(86b090b788ee3da4bb8f8d7df751821e) Importer(815301076,1909f56bfc062723c751e8b465ee728b)
Start importing Assets/LowpolyStreetPack/Prefabs/Roads/Streets/Road_Crosswalk_Double.prefab using Guid(86b090b788ee3da4bb8f8d7df751821e) Importer(815301076,1909f56bfc062723c751e8b465ee728b)  -> (artifact id: 'eccffee6579673e45448234f29a771fd') in 0.025827 seconds 
========================================================================
Received Import Request.
  Time since last request: 1.244468 seconds.
  path: Assets/LowpolyStreetPack/Prefabs/Roads/RoadMarks/RoadM_FR.prefab
  artifactKey: Guid(8fee0f6f57f4115409b5723de5e2a282) Importer(815301076,1909f56bfc062723c751e8b465ee728b)
Start importing Assets/LowpolyStreetPack/Prefabs/Roads/RoadMarks/RoadM_FR.prefab using Guid(8fee0f6f57f4115409b5723de5e2a282) Importer(815301076,1909f56bfc062723c751e8b465ee728b)  -> (artifact id: '4e36e07bb943d6583c4b7f92a70228fe') in 0.021743 seconds 
========================================================================
Received Import Request.
  Time since last request: 0.000020 seconds.
  path: Assets/LowpolyStreetPack/Prefabs/Roads/RoadMarks/RoadM_LR.prefab
  artifactKey: Guid(5bf814eaa7fc1114281059f1f35bd03c) Importer(815301076,1909f56bfc062723c751e8b465ee728b)
Start importing Assets/LowpolyStreetPack/Prefabs/Roads/RoadMarks/RoadM_LR.prefab using Guid(5bf814eaa7fc1114281059f1f35bd03c) Importer(815301076,1909f56bfc062723c751e8b465ee728b)  -> (artifact id: '7c987c9d900d5277af906dc48c255954') in 0.020382 seconds 
========================================================================
Received Import Request.
  Time since last request: 0.000048 seconds.
  path: Assets/LowpolyStreetPack/Prefabs/Roads/RoadMarks/RoadM_Line.prefab
  artifactKey: Guid(cb2b28e3e064a6b4bb3011daa579e73d) Importer(815301076,1909f56bfc062723c751e8b465ee728b)
Start importing Assets/LowpolyStreetPack/Prefabs/Roads/RoadMarks/RoadM_Line.prefab using Guid(cb2b28e3e064a6b4bb3011daa579e73d) Importer(815301076,1909f56bfc062723c751e8b465ee728b)  -> (artifact id: 'f6c6b21c20ca6000723c3b47153b6f19') in 0.023820 seconds 
========================================================================
Received Import Request.
  Time since last request: 1.163704 seconds.
  path: Assets/LowpolyStreetPack/Prefabs/Roads/Streets/Road_Duble_Cross_B_C.prefab
  artifactKey: Guid(2fab976e80c97ff488f92721af8f5dab) Importer(815301076,1909f56bfc062723c751e8b465ee728b)
Start importing Assets/LowpolyStreetPack/Prefabs/Roads/Streets/Road_Duble_Cross_B_C.prefab using Guid(2fab976e80c97ff488f92721af8f5dab) Importer(815301076,1909f56bfc062723c751e8b465ee728b)  -> (artifact id: 'ea832a76996fa0d3c490cf974bbfb41b') in 0.027837 seconds 
========================================================================
Received Import Request.
  Time since last request: 2.022908 seconds.
  path: Assets/LowpolyStreetPack/Prefabs/Roads/Streets/Road_Intersection_A.prefab
  artifactKey: Guid(ea055b41d57bcfa4f933e17644a305ba) Importer(815301076,1909f56bfc062723c751e8b465ee728b)
Start importing Assets/LowpolyStreetPack/Prefabs/Roads/Streets/Road_Intersection_A.prefab using Guid(ea055b41d57bcfa4f933e17644a305ba) Importer(815301076,1909f56bfc062723c751e8b465ee728b)  -> (artifact id: 'aba577aea1a30156e1de071199db3460') in 0.047959 seconds 
========================================================================
Received Import Request.
  Time since last request: 23.737382 seconds.
  path: Assets/LowpolyStreetPack/Prefabs/Roads/Streets/Road_Streight_Double_A.prefab
  artifactKey: Guid(d7d436d613cf3c04391992a34ceb777e) Importer(815301076,1909f56bfc062723c751e8b465ee728b)
Start importing Assets/LowpolyStreetPack/Prefabs/Roads/Streets/Road_Streight_Double_A.prefab using Guid(d7d436d613cf3c04391992a34ceb777e) Importer(815301076,1909f56bfc062723c751e8b465ee728b)  -> (artifact id: '3fd6aea094a361e9595dd4082f090fd7') in 0.045920 seconds 
Editor requested this worker to shutdown with reason: Scaling down because of idle timeout
AssetImportWorker is now disconnected from the server
Process exiting
Exiting without the bug reporter. Application will terminate with return code 0